
> react-typescript-starter@0.1.0 test
> react-scripts test

Browserslist: caniuse-lite is outdated. Please run:
  npx browserslist@latest --update-db
  Why you should do it regularly: https://github.com/browserslist/browserslist#browsers-data-updating
PASS src/arrays.test.ts
  ● Console

    console.log
      6

      at injectPositive (src/arrays.ts:155:17)

    console.log
      [ 1, 2, 3 ]

      at injectPositive (src/arrays.ts:157:17)

    console.log
      [ 1, 2, 3, 6 ]

      at injectPositive (src/arrays.ts:159:17)

    console.log
      600

      at injectPositive (src/arrays.ts:155:17)

    console.log
      [ 100, 300, 200 ]

      at injectPositive (src/arrays.ts:157:17)

    console.log
      [ 100, 300, 200, 600 ]

      at injectPositive (src/arrays.ts:159:17)

    console.log
      5

      at injectPositive (src/arrays.ts:155:17)

    console.log
      [ 5 ]

      at injectPositive (src/arrays.ts:157:17)

    console.log
      [ 5, 5 ]

      at injectPositive (src/arrays.ts:159:17)

    console.log
      0

      at injectPositive (src/arrays.ts:155:17)

    console.log
      []

      at injectPositive (src/arrays.ts:157:17)

    console.log
      [ 0 ]

      at injectPositive (src/arrays.ts:159:17)

    console.log
      1000

      at injectPositive (src/arrays.ts:155:17)

    console.log
      [ 199, 1, 550, 50, 200 ]

      at injectPositive (src/arrays.ts:157:17)

    console.log
      [ 199, 1, 550, 50, 200, 1000 ]

      at injectPositive (src/arrays.ts:159:17)

PASS src/HtmlCss.test.tsx
PASS src/functions.test.ts
PASS src/text.test.tsx
PASS src/App.test.tsx
--------------|---------|----------|---------|---------|-------------------
File          | % Stmts | % Branch | % Funcs | % Lines | Uncovered Line #s 
--------------|---------|----------|---------|---------|-------------------
All files     |     100 |      100 |     100 |     100 |                   
 App.tsx      |     100 |      100 |     100 |     100 |                   
 arrays.ts    |     100 |      100 |     100 |     100 |                   
 functions.ts |     100 |      100 |     100 |     100 |                   
--------------|---------|----------|---------|---------|-------------------

Test Suites: 5 passed, 5 total
Tests:       23 passed, 23 total
Snapshots:   0 total
Time:        5.465 s
Ran all test suites.
